[0.053s] DEBUG:colcon:Command line arguments: ['/usr/bin/colcon', 'list', '-p', '--base-paths', '/home/daumpark/tr_ws/src', '--log-base', '/dev/null']
[0.053s] DEBUG:colcon:Parsed command line arguments: Namespace(log_base=None, log_level=None, verb_name='list', build_base='build', ignore_user_meta=False, metas=['./colcon.meta'], base_paths=['/home/daumpark/tr_ws/src', '--log-base', '/dev/null'], packages_ignore=None, packages_ignore_regex=None, paths=None, packages_up_to=None, packages_up_to_regex=None, packages_above=None, packages_above_and_dependencies=None, packages_above_depth=None, packages_select_by_dep=None, packages_skip_by_dep=None, packages_skip_up_to=None, packages_select_build_failed=False, packages_skip_build_finished=False, packages_select_test_failures=False, packages_skip_test_passed=False, packages_select=None, packages_skip=None, packages_select_regex=None, packages_skip_regex=None, packages_start=None, packages_end=None, allow_overriding=[], topological_order=False, names_only=False, paths_only=True, topological_graph=False, topological_graph_dot=False, topological_graph_density=False, topological_graph_legend=False, topological_graph_dot_cluster=False, topological_graph_dot_include_skipped=False, verb_parser=<colcon_defaults.argument_parser.defaults.DefaultArgumentsDecorator object at 0x7fe8ab45da80>, verb_extension=<colcon_package_information.verb.list.ListVerb object at 0x7fe8ab45c820>, main=<bound method ListVerb.main of <colcon_package_information.verb.list.ListVerb object at 0x7fe8ab45c820>>)
[0.143s] Level 1:colcon.colcon_core.package_discovery:discover_packages(colcon_meta) check parameters
[0.144s] Level 1:colcon.colcon_core.package_discovery:discover_packages(recursive) check parameters
[0.144s] Level 1:colcon.colcon_core.package_discovery:discover_packages(ignore) check parameters
[0.144s] Level 1:colcon.colcon_core.package_discovery:discover_packages(path) check parameters
[0.144s] Level 1:colcon.colcon_core.package_discovery:discover_packages(recursive) discover
[0.144s] INFO:colcon.colcon_core.package_discovery:Crawling recursively for packages in '/home/daumpark/tr_ws/src', '/home/daumpark/tr_ws/src/--log-base', '/dev/null'
[0.144s] Level 1:colcon.colcon_core.package_identification:_identify(/home/daumpark/tr_ws/src) by extensions ['ignore', 'ignore_ament_install']
[0.144s] Level 1:colcon.colcon_core.package_identification:_identify(/home/daumpark/tr_ws/src) by extension 'ignore'
[0.144s] Level 1:colcon.colcon_core.package_identification:_identify(/home/daumpark/tr_ws/src) by extension 'ignore_ament_install'
[0.144s] Level 1:colcon.colcon_core.package_identification:_identify(/home/daumpark/tr_ws/src) by extensions ['colcon_pkg']
[0.144s] Level 1:colcon.colcon_core.package_identification:_identify(/home/daumpark/tr_ws/src) by extension 'colcon_pkg'
[0.144s] Level 1:colcon.colcon_core.package_identification:_identify(/home/daumpark/tr_ws/src) by extensions ['colcon_meta']
[0.144s] Level 1:colcon.colcon_core.package_identification:_identify(/home/daumpark/tr_ws/src) by extension 'colcon_meta'
[0.144s] Level 1:colcon.colcon_core.package_identification:_identify(/home/daumpark/tr_ws/src) by extensions ['ros']
[0.144s] Level 1:colcon.colcon_core.package_identification:_identify(/home/daumpark/tr_ws/src) by extension 'ros'
[0.151s] Level 1:colcon.colcon_core.package_identification:_identify(/home/daumpark/tr_ws/src) by extensions ['cmake', 'python']
[0.151s] Level 1:colcon.colcon_core.package_identification:_identify(/home/daumpark/tr_ws/src) by extension 'cmake'
[0.151s] Level 1:colcon.colcon_core.package_identification:_identify(/home/daumpark/tr_ws/src) by extension 'python'
[0.151s] Level 1:colcon.colcon_core.package_identification:_identify(/home/daumpark/tr_ws/src) by extensions ['python_setup_py']
[0.151s] Level 1:colcon.colcon_core.package_identification:_identify(/home/daumpark/tr_ws/src) by extension 'python_setup_py'
[0.151s] Level 1:colcon.colcon_core.package_identification:_identify(/home/daumpark/tr_ws/src/laser_scan_integrator) by extensions ['ignore', 'ignore_ament_install']
[0.151s] Level 1:colcon.colcon_core.package_identification:_identify(/home/daumpark/tr_ws/src/laser_scan_integrator) by extension 'ignore'
[0.151s] Level 1:colcon.colcon_core.package_identification:_identify(/home/daumpark/tr_ws/src/laser_scan_integrator) by extension 'ignore_ament_install'
[0.151s] Level 1:colcon.colcon_core.package_identification:_identify(/home/daumpark/tr_ws/src/laser_scan_integrator) by extensions ['colcon_pkg']
[0.151s] Level 1:colcon.colcon_core.package_identification:_identify(/home/daumpark/tr_ws/src/laser_scan_integrator) by extension 'colcon_pkg'
[0.151s] Level 1:colcon.colcon_core.package_identification:_identify(/home/daumpark/tr_ws/src/laser_scan_integrator) by extensions ['colcon_meta']
[0.151s] Level 1:colcon.colcon_core.package_identification:_identify(/home/daumpark/tr_ws/src/laser_scan_integrator) by extension 'colcon_meta'
[0.151s] Level 1:colcon.colcon_core.package_identification:_identify(/home/daumpark/tr_ws/src/laser_scan_integrator) by extensions ['ros']
[0.151s] Level 1:colcon.colcon_core.package_identification:_identify(/home/daumpark/tr_ws/src/laser_scan_integrator) by extension 'ros'
[0.153s] DEBUG:colcon.colcon_core.package_identification:Package '/home/daumpark/tr_ws/src/laser_scan_integrator' with type 'ros.ament_cmake' and name 'laser_scan_integrator'
[0.153s] Level 1:colcon.colcon_core.package_identification:_identify(/home/daumpark/tr_ws/src/log) by extensions ['ignore', 'ignore_ament_install']
[0.153s] Level 1:colcon.colcon_core.package_identification:_identify(/home/daumpark/tr_ws/src/log) by extension 'ignore'
[0.153s] Level 1:colcon.colcon_core.package_identification:_identify(/home/daumpark/tr_ws/src/log) ignored
[0.153s] Level 1:colcon.colcon_core.package_identification:_identify(/home/daumpark/tr_ws/src/nav2_straightline_planner) by extensions ['ignore', 'ignore_ament_install']
[0.153s] Level 1:colcon.colcon_core.package_identification:_identify(/home/daumpark/tr_ws/src/nav2_straightline_planner) by extension 'ignore'
[0.153s] Level 1:colcon.colcon_core.package_identification:_identify(/home/daumpark/tr_ws/src/nav2_straightline_planner) by extension 'ignore_ament_install'
[0.153s] Level 1:colcon.colcon_core.package_identification:_identify(/home/daumpark/tr_ws/src/nav2_straightline_planner) by extensions ['colcon_pkg']
[0.153s] Level 1:colcon.colcon_core.package_identification:_identify(/home/daumpark/tr_ws/src/nav2_straightline_planner) by extension 'colcon_pkg'
[0.153s] Level 1:colcon.colcon_core.package_identification:_identify(/home/daumpark/tr_ws/src/nav2_straightline_planner) by extensions ['colcon_meta']
[0.153s] Level 1:colcon.colcon_core.package_identification:_identify(/home/daumpark/tr_ws/src/nav2_straightline_planner) by extension 'colcon_meta'
[0.153s] Level 1:colcon.colcon_core.package_identification:_identify(/home/daumpark/tr_ws/src/nav2_straightline_planner) by extensions ['ros']
[0.153s] Level 1:colcon.colcon_core.package_identification:_identify(/home/daumpark/tr_ws/src/nav2_straightline_planner) by extension 'ros'
[0.154s] DEBUG:colcon.colcon_core.package_identification:Package '/home/daumpark/tr_ws/src/nav2_straightline_planner' with type 'ros.ament_cmake' and name 'nav2_straightline_planner'
[0.154s] Level 1:colcon.colcon_core.package_identification:_identify(/home/daumpark/tr_ws/src/sick_safetyscanners2) by extensions ['ignore', 'ignore_ament_install']
[0.154s] Level 1:colcon.colcon_core.package_identification:_identify(/home/daumpark/tr_ws/src/sick_safetyscanners2) by extension 'ignore'
[0.154s] Level 1:colcon.colcon_core.package_identification:_identify(/home/daumpark/tr_ws/src/sick_safetyscanners2) by extension 'ignore_ament_install'
[0.154s] Level 1:colcon.colcon_core.package_identification:_identify(/home/daumpark/tr_ws/src/sick_safetyscanners2) by extensions ['colcon_pkg']
[0.154s] Level 1:colcon.colcon_core.package_identification:_identify(/home/daumpark/tr_ws/src/sick_safetyscanners2) by extension 'colcon_pkg'
[0.154s] Level 1:colcon.colcon_core.package_identification:_identify(/home/daumpark/tr_ws/src/sick_safetyscanners2) by extensions ['colcon_meta']
[0.154s] Level 1:colcon.colcon_core.package_identification:_identify(/home/daumpark/tr_ws/src/sick_safetyscanners2) by extension 'colcon_meta'
[0.154s] Level 1:colcon.colcon_core.package_identification:_identify(/home/daumpark/tr_ws/src/sick_safetyscanners2) by extensions ['ros']
[0.154s] Level 1:colcon.colcon_core.package_identification:_identify(/home/daumpark/tr_ws/src/sick_safetyscanners2) by extension 'ros'
[0.155s] DEBUG:colcon.colcon_core.package_identification:Package '/home/daumpark/tr_ws/src/sick_safetyscanners2' with type 'ros.ament_cmake' and name 'sick_safetyscanners2'
[0.155s] Level 1:colcon.colcon_core.package_identification:_identify(/home/daumpark/tr_ws/src/tr_description) by extensions ['ignore', 'ignore_ament_install']
[0.155s] Level 1:colcon.colcon_core.package_identification:_identify(/home/daumpark/tr_ws/src/tr_description) by extension 'ignore'
[0.155s] Level 1:colcon.colcon_core.package_identification:_identify(/home/daumpark/tr_ws/src/tr_description) by extension 'ignore_ament_install'
[0.155s] Level 1:colcon.colcon_core.package_identification:_identify(/home/daumpark/tr_ws/src/tr_description) by extensions ['colcon_pkg']
[0.155s] Level 1:colcon.colcon_core.package_identification:_identify(/home/daumpark/tr_ws/src/tr_description) by extension 'colcon_pkg'
[0.155s] Level 1:colcon.colcon_core.package_identification:_identify(/home/daumpark/tr_ws/src/tr_description) by extensions ['colcon_meta']
[0.155s] Level 1:colcon.colcon_core.package_identification:_identify(/home/daumpark/tr_ws/src/tr_description) by extension 'colcon_meta'
[0.155s] Level 1:colcon.colcon_core.package_identification:_identify(/home/daumpark/tr_ws/src/tr_description) by extensions ['ros']
[0.155s] Level 1:colcon.colcon_core.package_identification:_identify(/home/daumpark/tr_ws/src/tr_description) by extension 'ros'
[0.155s] DEBUG:colcon.colcon_core.package_identification:Package '/home/daumpark/tr_ws/src/tr_description' with type 'ros.ament_cmake' and name 'tr_description'
[0.156s] Level 1:colcon.colcon_core.package_identification:_identify(/home/daumpark/tr_ws/src/tr_driver) by extensions ['ignore', 'ignore_ament_install']
[0.156s] Level 1:colcon.colcon_core.package_identification:_identify(/home/daumpark/tr_ws/src/tr_driver) by extension 'ignore'
[0.156s] Level 1:colcon.colcon_core.package_identification:_identify(/home/daumpark/tr_ws/src/tr_driver) by extension 'ignore_ament_install'
[0.156s] Level 1:colcon.colcon_core.package_identification:_identify(/home/daumpark/tr_ws/src/tr_driver) by extensions ['colcon_pkg']
[0.156s] Level 1:colcon.colcon_core.package_identification:_identify(/home/daumpark/tr_ws/src/tr_driver) by extension 'colcon_pkg'
[0.156s] Level 1:colcon.colcon_core.package_identification:_identify(/home/daumpark/tr_ws/src/tr_driver) by extensions ['colcon_meta']
[0.156s] Level 1:colcon.colcon_core.package_identification:_identify(/home/daumpark/tr_ws/src/tr_driver) by extension 'colcon_meta'
[0.156s] Level 1:colcon.colcon_core.package_identification:_identify(/home/daumpark/tr_ws/src/tr_driver) by extensions ['ros']
[0.156s] Level 1:colcon.colcon_core.package_identification:_identify(/home/daumpark/tr_ws/src/tr_driver) by extension 'ros'
[0.156s] DEBUG:colcon.colcon_core.package_identification:Package '/home/daumpark/tr_ws/src/tr_driver' with type 'ros.ament_cmake' and name 'tr_driver'
[0.156s] Level 1:colcon.colcon_core.package_identification:_identify(/home/daumpark/tr_ws/src/tr_driver_imu) by extensions ['ignore', 'ignore_ament_install']
[0.156s] Level 1:colcon.colcon_core.package_identification:_identify(/home/daumpark/tr_ws/src/tr_driver_imu) by extension 'ignore'
[0.156s] Level 1:colcon.colcon_core.package_identification:_identify(/home/daumpark/tr_ws/src/tr_driver_imu) by extension 'ignore_ament_install'
[0.156s] Level 1:colcon.colcon_core.package_identification:_identify(/home/daumpark/tr_ws/src/tr_driver_imu) by extensions ['colcon_pkg']
[0.156s] Level 1:colcon.colcon_core.package_identification:_identify(/home/daumpark/tr_ws/src/tr_driver_imu) by extension 'colcon_pkg'
[0.156s] Level 1:colcon.colcon_core.package_identification:_identify(/home/daumpark/tr_ws/src/tr_driver_imu) by extensions ['colcon_meta']
[0.156s] Level 1:colcon.colcon_core.package_identification:_identify(/home/daumpark/tr_ws/src/tr_driver_imu) by extension 'colcon_meta'
[0.157s] Level 1:colcon.colcon_core.package_identification:_identify(/home/daumpark/tr_ws/src/tr_driver_imu) by extensions ['ros']
[0.157s] Level 1:colcon.colcon_core.package_identification:_identify(/home/daumpark/tr_ws/src/tr_driver_imu) by extension 'ros'
[0.157s] DEBUG:colcon.colcon_core.package_identification:Package '/home/daumpark/tr_ws/src/tr_driver_imu' with type 'ros.ament_cmake' and name 'tr_driver_imu'
[0.157s] Level 1:colcon.colcon_core.package_identification:_identify(/home/daumpark/tr_ws/src/tr_driver_msgs) by extensions ['ignore', 'ignore_ament_install']
[0.157s] Level 1:colcon.colcon_core.package_identification:_identify(/home/daumpark/tr_ws/src/tr_driver_msgs) by extension 'ignore'
[0.157s] Level 1:colcon.colcon_core.package_identification:_identify(/home/daumpark/tr_ws/src/tr_driver_msgs) by extension 'ignore_ament_install'
[0.157s] Level 1:colcon.colcon_core.package_identification:_identify(/home/daumpark/tr_ws/src/tr_driver_msgs) by extensions ['colcon_pkg']
[0.157s] Level 1:colcon.colcon_core.package_identification:_identify(/home/daumpark/tr_ws/src/tr_driver_msgs) by extension 'colcon_pkg'
[0.157s] Level 1:colcon.colcon_core.package_identification:_identify(/home/daumpark/tr_ws/src/tr_driver_msgs) by extensions ['colcon_meta']
[0.157s] Level 1:colcon.colcon_core.package_identification:_identify(/home/daumpark/tr_ws/src/tr_driver_msgs) by extension 'colcon_meta'
[0.157s] Level 1:colcon.colcon_core.package_identification:_identify(/home/daumpark/tr_ws/src/tr_driver_msgs) by extensions ['ros']
[0.157s] Level 1:colcon.colcon_core.package_identification:_identify(/home/daumpark/tr_ws/src/tr_driver_msgs) by extension 'ros'
[0.157s] DEBUG:colcon.colcon_core.package_identification:Package '/home/daumpark/tr_ws/src/tr_driver_msgs' with type 'ros.ament_cmake' and name 'tr_driver_msgs'
[0.157s] Level 1:colcon.colcon_core.package_identification:_identify(/home/daumpark/tr_ws/src/tr_driver_pgv) by extensions ['ignore', 'ignore_ament_install']
[0.158s] Level 1:colcon.colcon_core.package_identification:_identify(/home/daumpark/tr_ws/src/tr_driver_pgv) by extension 'ignore'
[0.158s] Level 1:colcon.colcon_core.package_identification:_identify(/home/daumpark/tr_ws/src/tr_driver_pgv) by extension 'ignore_ament_install'
[0.158s] Level 1:colcon.colcon_core.package_identification:_identify(/home/daumpark/tr_ws/src/tr_driver_pgv) by extensions ['colcon_pkg']
[0.158s] Level 1:colcon.colcon_core.package_identification:_identify(/home/daumpark/tr_ws/src/tr_driver_pgv) by extension 'colcon_pkg'
[0.158s] Level 1:colcon.colcon_core.package_identification:_identify(/home/daumpark/tr_ws/src/tr_driver_pgv) by extensions ['colcon_meta']
[0.158s] Level 1:colcon.colcon_core.package_identification:_identify(/home/daumpark/tr_ws/src/tr_driver_pgv) by extension 'colcon_meta'
[0.158s] Level 1:colcon.colcon_core.package_identification:_identify(/home/daumpark/tr_ws/src/tr_driver_pgv) by extensions ['ros']
[0.158s] Level 1:colcon.colcon_core.package_identification:_identify(/home/daumpark/tr_ws/src/tr_driver_pgv) by extension 'ros'
[0.158s] DEBUG:colcon.colcon_core.package_identification:Package '/home/daumpark/tr_ws/src/tr_driver_pgv' with type 'ros.ament_cmake' and name 'tr_driver_pgv'
[0.158s] Level 1:colcon.colcon_core.package_identification:_identify(/home/daumpark/tr_ws/src/tr_kinematics_differential2) by extensions ['ignore', 'ignore_ament_install']
[0.158s] Level 1:colcon.colcon_core.package_identification:_identify(/home/daumpark/tr_ws/src/tr_kinematics_differential2) by extension 'ignore'
[0.158s] Level 1:colcon.colcon_core.package_identification:_identify(/home/daumpark/tr_ws/src/tr_kinematics_differential2) by extension 'ignore_ament_install'
[0.158s] Level 1:colcon.colcon_core.package_identification:_identify(/home/daumpark/tr_ws/src/tr_kinematics_differential2) by extensions ['colcon_pkg']
[0.158s] Level 1:colcon.colcon_core.package_identification:_identify(/home/daumpark/tr_ws/src/tr_kinematics_differential2) by extension 'colcon_pkg'
[0.158s] Level 1:colcon.colcon_core.package_identification:_identify(/home/daumpark/tr_ws/src/tr_kinematics_differential2) by extensions ['colcon_meta']
[0.158s] Level 1:colcon.colcon_core.package_identification:_identify(/home/daumpark/tr_ws/src/tr_kinematics_differential2) by extension 'colcon_meta'
[0.158s] Level 1:colcon.colcon_core.package_identification:_identify(/home/daumpark/tr_ws/src/tr_kinematics_differential2) by extensions ['ros']
[0.158s] Level 1:colcon.colcon_core.package_identification:_identify(/home/daumpark/tr_ws/src/tr_kinematics_differential2) by extension 'ros'
[0.159s] DEBUG:colcon.colcon_core.package_identification:Package '/home/daumpark/tr_ws/src/tr_kinematics_differential2' with type 'ros.ament_cmake' and name 'tr_kinematics_differential2'
[0.159s] Level 1:colcon.colcon_core.package_identification:_identify(/home/daumpark/tr_ws/src/tr_nav2_bringup) by extensions ['ignore', 'ignore_ament_install']
[0.159s] Level 1:colcon.colcon_core.package_identification:_identify(/home/daumpark/tr_ws/src/tr_nav2_bringup) by extension 'ignore'
[0.159s] Level 1:colcon.colcon_core.package_identification:_identify(/home/daumpark/tr_ws/src/tr_nav2_bringup) by extension 'ignore_ament_install'
[0.159s] Level 1:colcon.colcon_core.package_identification:_identify(/home/daumpark/tr_ws/src/tr_nav2_bringup) by extensions ['colcon_pkg']
[0.159s] Level 1:colcon.colcon_core.package_identification:_identify(/home/daumpark/tr_ws/src/tr_nav2_bringup) by extension 'colcon_pkg'
[0.159s] Level 1:colcon.colcon_core.package_identification:_identify(/home/daumpark/tr_ws/src/tr_nav2_bringup) by extensions ['colcon_meta']
[0.159s] Level 1:colcon.colcon_core.package_identification:_identify(/home/daumpark/tr_ws/src/tr_nav2_bringup) by extension 'colcon_meta'
[0.159s] Level 1:colcon.colcon_core.package_identification:_identify(/home/daumpark/tr_ws/src/tr_nav2_bringup) by extensions ['ros']
[0.159s] Level 1:colcon.colcon_core.package_identification:_identify(/home/daumpark/tr_ws/src/tr_nav2_bringup) by extension 'ros'
[0.159s] DEBUG:colcon.colcon_core.package_identification:Package '/home/daumpark/tr_ws/src/tr_nav2_bringup' with type 'ros.ament_cmake' and name 'tr_nav2_bringup'
[0.159s] Level 1:colcon.colcon_core.package_identification:_identify(/home/daumpark/tr_ws/src/tr_real) by extensions ['ignore', 'ignore_ament_install']
[0.159s] Level 1:colcon.colcon_core.package_identification:_identify(/home/daumpark/tr_ws/src/tr_real) by extension 'ignore'
[0.160s] Level 1:colcon.colcon_core.package_identification:_identify(/home/daumpark/tr_ws/src/tr_real) by extension 'ignore_ament_install'
[0.160s] Level 1:colcon.colcon_core.package_identification:_identify(/home/daumpark/tr_ws/src/tr_real) by extensions ['colcon_pkg']
[0.160s] Level 1:colcon.colcon_core.package_identification:_identify(/home/daumpark/tr_ws/src/tr_real) by extension 'colcon_pkg'
[0.160s] Level 1:colcon.colcon_core.package_identification:_identify(/home/daumpark/tr_ws/src/tr_real) by extensions ['colcon_meta']
[0.160s] Level 1:colcon.colcon_core.package_identification:_identify(/home/daumpark/tr_ws/src/tr_real) by extension 'colcon_meta'
[0.160s] Level 1:colcon.colcon_core.package_identification:_identify(/home/daumpark/tr_ws/src/tr_real) by extensions ['ros']
[0.160s] Level 1:colcon.colcon_core.package_identification:_identify(/home/daumpark/tr_ws/src/tr_real) by extension 'ros'
[0.160s] DEBUG:colcon.colcon_core.package_identification:Package '/home/daumpark/tr_ws/src/tr_real' with type 'ros.ament_cmake' and name 'tr_real'
[0.160s] Level 1:colcon.colcon_core.package_identification:_identify(/home/daumpark/tr_ws/src/tr_sim) by extensions ['ignore', 'ignore_ament_install']
[0.160s] Level 1:colcon.colcon_core.package_identification:_identify(/home/daumpark/tr_ws/src/tr_sim) by extension 'ignore'
[0.160s] Level 1:colcon.colcon_core.package_identification:_identify(/home/daumpark/tr_ws/src/tr_sim) by extension 'ignore_ament_install'
[0.160s] Level 1:colcon.colcon_core.package_identification:_identify(/home/daumpark/tr_ws/src/tr_sim) by extensions ['colcon_pkg']
[0.160s] Level 1:colcon.colcon_core.package_identification:_identify(/home/daumpark/tr_ws/src/tr_sim) by extension 'colcon_pkg'
[0.160s] Level 1:colcon.colcon_core.package_identification:_identify(/home/daumpark/tr_ws/src/tr_sim) by extensions ['colcon_meta']
[0.160s] Level 1:colcon.colcon_core.package_identification:_identify(/home/daumpark/tr_ws/src/tr_sim) by extension 'colcon_meta'
[0.160s] Level 1:colcon.colcon_core.package_identification:_identify(/home/daumpark/tr_ws/src/tr_sim) by extensions ['ros']
[0.160s] Level 1:colcon.colcon_core.package_identification:_identify(/home/daumpark/tr_ws/src/tr_sim) by extension 'ros'
[0.160s] DEBUG:colcon.colcon_core.package_identification:Package '/home/daumpark/tr_ws/src/tr_sim' with type 'ros.ament_cmake' and name 'tr_sim'
[0.161s] Level 1:colcon.colcon_core.package_identification:_identify(/home/daumpark/tr_ws/src/tr_twist_mux) by extensions ['ignore', 'ignore_ament_install']
[0.161s] Level 1:colcon.colcon_core.package_identification:_identify(/home/daumpark/tr_ws/src/tr_twist_mux) by extension 'ignore'
[0.161s] Level 1:colcon.colcon_core.package_identification:_identify(/home/daumpark/tr_ws/src/tr_twist_mux) by extension 'ignore_ament_install'
[0.161s] Level 1:colcon.colcon_core.package_identification:_identify(/home/daumpark/tr_ws/src/tr_twist_mux) by extensions ['colcon_pkg']
[0.161s] Level 1:colcon.colcon_core.package_identification:_identify(/home/daumpark/tr_ws/src/tr_twist_mux) by extension 'colcon_pkg'
[0.161s] Level 1:colcon.colcon_core.package_identification:_identify(/home/daumpark/tr_ws/src/tr_twist_mux) by extensions ['colcon_meta']
[0.161s] Level 1:colcon.colcon_core.package_identification:_identify(/home/daumpark/tr_ws/src/tr_twist_mux) by extension 'colcon_meta'
[0.161s] Level 1:colcon.colcon_core.package_identification:_identify(/home/daumpark/tr_ws/src/tr_twist_mux) by extensions ['ros']
[0.161s] Level 1:colcon.colcon_core.package_identification:_identify(/home/daumpark/tr_ws/src/tr_twist_mux) by extension 'ros'
[0.161s] DEBUG:colcon.colcon_core.package_identification:Package '/home/daumpark/tr_ws/src/tr_twist_mux' with type 'ros.ament_cmake' and name 'tr_twist_mux'
[0.161s] Level 1:colcon.colcon_core.package_discovery:discover_packages(recursive) using defaults
